[  0.00000 Iitialin cgroususycpset[    0.000000Intialin cgroup subsys cpu
[  0000000] Initializing cgroup subsys cpuacct
[    0.000000] Linux version 4.4.0-170-generic (buildd@lcy01-amd64-019) (gcc version 5.4.0 20160609 (Ubuntu 5.4.0-6ubuntu1~16.04.12) ) #199-Ubuntu SMP Thu Nov 14 01:45:04 UTC 2019 (Ubuntu 4.4.0-170.199-generic 4.4.200)
[    0.000000] Command line: BOOT_IMAGE=/boot/vmlinuz-4.4.0-170-generic root=LABEL=cloudimg-rootfs ro console=tty1 console=ttyS0
[    0.000000] KERNEL supported cpus:
[    0.000000]   Intel GenuineIntel
[    0.000000]   AMD AuthenticAMD
[    0.000000]   Centaur CentaurHauls
[    0.000000] x86/fpu: xstate_offset[2]:  576, xstate_sizes[2]:  256
[    0.000000] x86/fpu: Supporting XSAVE feature 0x01: 'x87 floating point registers'
[    0.000000] x86/fpu: Supporting XSAVE feature 0x02: 'SSE registers'
[    0.000000] x86/fpu: Supporting XSAVE feature 0x04: 'AVX registers'
[    0.000000] x86/fpu: Enabled xstate features 0x7, context size is 832 bytes, using 'standard' format.
[    0.000000] e820: BIOS-provided physical RAM map:
[    0.000000] BIOS-e820: [mem 0x0000000000000000-0x000000000009fbff] usable
[    0.000000] BIOS-e820: [mem 0x000000000009fc00-0x000000000009ffff] reserved
[    0.000000] BIOS-e820: [mem 0x00000000000f0000-0x00000000000fffff] reserved
[   0.000000] BIOS-e820: [mem 0x0000000000100000-0x000000003ffeffff] usable
[    0.000000] BIOS-e820: [mem 0x000000003fff0000-0x000000003fffffff] ACPI data
[    0.000000] BIOS-e820: [mem 0x00000000fec00000-0x00000000fec00fff] reserved
[    0.000000] BIOS-e820: [mem 0x00000000fee00000-0x00000000fee00fff] reserved
[    0.000000] BIOS-e820: [mem 0x00000000fffc0000-0x00000000ffffffff] reserved
[    0.000000] NX (Execute Disable) protection: active
[    0.000000] SMBIOS 2.5 present.
[    0.000000] Hypervisor detected: KVM
[    0.000000] e820: last_pfn = 0x3fff0 max_arch_pfn = 0x400000000
[    0.000000] MTRR: Disabled
[    0.000000] x86/PAT: MTRRs disabled, skipping PAT initialization too.
[    0.000000] CPU MTRRs all blank - virtualized system.
[    0.000000] x86/PAT: Configuration [0-7]: WB  WT  UC- UC  WB  WT  UC- UC  
[    0.000000] found SMP MP-table at [mem 0x0009fff0-0x0009ffff] mapped at [ffff88000009fff0]
[    0.000000] Scanning 1 areas for low memory corruption
[    0.000000] RAMDISK: [mem 0x362f4000-0x37171fff]
[    0.000000] ACPI: Early table checksum verification disabled
[    0.000000] ACPI: RSDP 0x00000000000E0000 000024 (v02 VBOX  )
[    0.000000] ACPI: XSDT 0x000000003FFF0030 00003C (v01 VBOX   VBOXXSDT 00000001 ASL  00000061)
[    0.000000] ACPI: FACP 0x000000003FFF00F0 0000F4 (v04 VBOX   VBOXFACP 00000001 ASL  00000061)
[    0.000000] ACPI: DSDT 0x000000003FFF0470 0021FF (v02 VBOX   VBOXBIOS 00000002 INTL 20100528)
[  0.000000] ACPI: FACS 0x000000003FFF0200 000040
[    0.000000] ACPI: FACS 0x000000003FFF0200 000040
[    0.000000] ACPI: APIC 0x000000003FFF0240 00005C (v02 VBOX   VBOXAPIC 00000001 ASL  00000061)
[    0.000000] ACPI: SSDT 0x000000003FFF02A0 0001CC (v01 VBOX   VBOXCPUT 00000002 INTL 20100528)
[    0.000000] No NUMA configuration found
[    0.000000] Faking a node at [mem 0x0000000000000000-0x000000003ffeffff]
[  0.000000] NODE_DATA(0) allocated [mem 0x3ffeb000-0x3ffeffff]
[    0.000000] kvm-clock: Using msrs 4b564d01 and 4b564d00
[    0.000000] kvm-clock: cpu 0, msr 0:3ffe3001, primary cpu clock
[    0.000000] kvm-clock: using sched offset of 3916274123 cycles
[    0.000000] clocksource: kvm-clock: mask: 0xffffffffffffffff max_cycles: 0x1cd42e4dffb, max_idle_ns: 881590591483 ns
[    0.000000] Zone ranges:
[    0.000000]   DMA      [mem 0x0000000000001000-0x0000000000ffffff]
[    0.000000]   DMA32    [mem 0x0000000001000000-0x000000003ffeffff]
[    0.000000]   Normal   empty
[    0.000000]   Device   emy
[    0.000000] Movable zone start for each node
[    0.000000] Early memory node ranges
[    0.000000]   node   0: [mem 0x0000000000001000-0x000000000009efff]
[    0.000000]   node   0: [mem 0x0000000000100000-0x000000003ffeffff]
[    0.000000] Initmem setuup node 0 [mem 0x0000000000001000-0x000000003ffeffff]
[    0.000000] ACPI: PM-Timer IO Port: 0x4008
[    0.000000] IOAPIC[0]: apic_id 2, version 32, address 0xfec00000, GSI 0-23
[    0.000000] ACPI: INT_SRC_OVR (bus 0 bus_irq 0 global_irq 2 dfl dfl)
[    0.000000] ACPI: INT_SRC_OVR (bus 0 bus_irq 9 global_irq 9 low level)
[    0.000000] Using ACPI (MADT) for SMP configuration information
[    0.000000] smpboot: Allowing 2 CPUs, 0 hotplug CPU
[    0.000000] PM: Registered nosave memory: [mem 0x00000000-0x00000fff]
[    0.000000] PM: Registered nosave memory: [mem 0x0009f000-0x0009ffff]
[    0.000000] PM: Registered nosave memory: [mem 0x000a0000-0x000effff]
[    0.000000] PM: Registered nosave memory: [mem 0x000f0000-0x000fffff]
[    0.000000] e820: [mem 0x40000000-0xfebfffff] available for PCI devices
[    0.000000] Booting paravirtualized kernel on KVM
[    0.000000] clocksource: refined-jiffies: mask: 0xffffffff max_cycles: 0xffffffff, max_idle_ns: 7645519600211568 ns
[    0.000000] setup_percpu: NR_CPUS:512 nr_cpumask_bits:512 nr_cpu_ids:2 nr_node_ids:1
[    00000] PERCPU: Embeed33 pages/cpu @ffff88003fc00000 s95448 r8192 d31528 u1048576
[    0.000000] Built 1 zonelists in Node order, mobility grouping on.  Total pages: 257912
[    0.000000] Policy zone: DMA32
[    0.000000] Kernel command line: BOOT_IMAGE=/boot/vmlinuz-4.4.0-170-generic root=LABEL=cloudimg-rootfs ro console=tty1 console=ttyS0
[    0.000000] PID hash table entries: 4096 (order: 3, 32768 bytes)
[    0.000000] Memory: 997716K/1048120K available (8626K kernel code, 1336K rwdata, 4036K rodata, 1488K init, 1288K bss, 50404K reserved, 0K cma-reserved)
[    0.000000] SLUB: HWalign=64, Order=0-3, MinObjects=0, CPUs=2, Nodes=1
[    0.000000] Kernel/User page tables isolation: enabled
[    0.000000] Hierarchical RCU implementation.
[    0.000000] 	Build-time adjustment of leaf fanout to 64.
[    0.000000] 	RCU restricting CPUs from NR_CPUS=512 to nr_cpu_ids=2.
[    0.000000] RCU: Adjusting geometry for rcu_fanout_leaf=64, nr_cpu_ids=2
[    0.000000] NR_IRQS:33024 nr_irqs:440 16
[    0.000000] Console: colour VGA+ 80x25
[    0.000000] console [tty1] enabled
[    0.000000] console [ttyS0] enabled
[    0.000000] tsc: Detected 2711.996 MHz processor
[  0.988989] Calibrating delay loop (skipped) preset value.. 5423.99 BogoMIPS (lpj=10847984)
[    1.023520] pid_max: default: 32768 minimum: 301
[    1.024776] ACPI: Core revision 20150930
[    1.028154] ACPI: 2 ACPI AML tables successfully acquired and loaded

[    1.029891] Security Framework initialized
[    1.031069] Yama: becoming mindful.
[    1.032097] AppArmor: AppArmor initialized
[    1.033355] Dentry cache hash table entries: 131072 (order: 8, 1048576 bytes)
[    1.038177] Inode-cache hash table entries: 65536 (order: 7, 524288 bytes)
[    1.040060] Mount-cache hash table entries: 2048 (order: 2, 16384 bytes)
[    1.041675] Mountpoint-cache hash table entries: 2048 (order: 2, 16384 bytes)
[    1.043508] Initializing cgroup subsys io
[    1.044608] Initializing cgroup subsys memory
[    1.045747] Initializing cgroup subsys devices
[    1.046905] Initializing cgroup subsys freezer
[    1.048068] Initializing cgroup subsys net_cls
[    1.049395] Initializing cgroup subsys perf_event
[    1.057378] Initializing cgroup subsys net_prio
[    1.065213] Initializing cgroup subsys hugetlb
[    1.072841] Initializing cgroup subsys pids
[    1.075187] mce: CPU supports 0 MCE banks
[    1.082819] Last level iTLB entries: 4KB 64, 2MB 8, 4MB 8
[    1.090646] Last level dTLB entries: 4KB 64, 2MB 0, 4MB 0, 1GB 4
[    1.105243] Spectre V1 : Mitigation: usercopy/swapgs barriers and __user pointer sanitization
[    1.120747] Spectre V2 : Mitigation: Full generic retpoline
[    1.128837] Spectre V2 : Spectre v2 / SpectreRSB mitigation: Filling RSB on context switch
[    1.130957] Speculative Store Bypass: Vulnerable
[    1.132349] MDS: Vulnerable: Clear CPU buffers attempted, no microcode
[    1.143443] Freeing SMP alternatives memory: 36K
[    1.150749] ftrace: allocating 32302 entries in 127 pages
[    1.219111] smpboot: APIC(0) Converting physical 0 to logical package 0
[    1.260816] smpboot: Max logical packages: 1
[    1.311796] x2apic enabled
[    1.313040] Switched APIC routing to physical x2apic.
[    1.365556] ..TIMER: vector=0x30 apic1=0 pin1=2 apic2=-1 pin2=-1
[    1.538520] smpboot: CPU0: Intel(R) Core(TM) i5-7200U CPU @ 2.50GHz (family: 0x6, model: 0x8e, stepping: 0x9)
[    1.578339] Performance Events: unsupported p6 CPU model 142 no PMU driver, software events only.
[    1.593292] KVM setup paravirtual spinlock
[    1.595671] x86: Booting SMP configuration:
[    1.597310] .... node  #0, CPUs:      #1
[    1.598825] kvm-clock: cpu 1, msr 0:3ffe3041, secondary cpu clock
[    1.601247] mce: CPU supports 0 MCE banks
[    1.604251] x86: Booted up 1 node, 2 CPUs
[    1.636197] smpboot: Total of 2 processors activated (10847.98 BogoMIPS)
[    1.638608] devtmpfs: initialized
[    1.656012] evm: security.selinux
[    1.662352] evm: security.SMACK64
[    1.670103] evm: security.SMACK64EXEC
[    1.677935] evm: security.SMACK64TRANSMUTE
[    1.679136] evm: security.SMACK64MMAP
[    1.695104] evm: security.ima
[    1.695989] evm: security.capability
[    1.697294] clocksource: jiffies: mask: 0xffffffff max_cycles: 0xffffffff, max_idle_ns: 7645041785100000 ns
[    1.706528] futex hash table entries: 512 (order: 3, 32768 bytes)
[    1.715643] pinctrl core: initialized pinctrl subsystem
[    1.717066] RTC time: 14:25:00, date: 12/11/19
[    1.718375] NET: Registered protocol family 16
[    1.732096] cpuidle: using governor ladder
[    1.743784] cpuidle: using governor menu
[    1.745249] PCCT header not found.
[    1.754561] ACPI: bus type PCI registered
[    1.762353] acpiphp: ACPI Hot Plug PCI Controller Driver version: 0.5
[    1.770787] PCI: Using configuration type 1 for base access
[    1.792432] ACPI: Added _OSI(Module Device)
[    1.793594] ACPI: Added _OSI(Processor Device)
[    1.794745] ACPI: Added _OSI(3.0 _SCP Extensions)
[    1.796167] ACPI: Added _OSI(Processor Aggregator Device)
[    1.803734] ACPI: Executed 1 blocks of module-level executable AML code
[    1.814533] ACPI: Interpreter enabled
[    1.815550] ACPI: (supports S0 S5)
[    1.816553] ACPI: Using IOAPIC for interrupt routing
[    1.818135] PCI: Using host bridge windows from ACPI; if necessary, use "pci=nocrs" and report a bug
[    1.825417] ACPI: PCI Root Bridge [PCI0] (domain 0000 [bus 00-ff])
[    1.826941] acpi PNP0A03:00: _OSC: OS supports [ASPM ClockPM Segments MSI]
[    1.828682] acpi PNP0A03:00: _OSC: not requesting OS control; OS requires [ExtendedConfig ASPM ClockPM MSI]
[    1.831145] acpi PNP0A03:00: fail to add MMCONFIG information, can't access extended PCI configuration space under this bridge.
[    1.834273] PCI host bridge to bus 0000:00
[    1.835391] pci_bus 0000:00: root bus resource [io  0x0000-0x0cf7 window]
[    1.837120] pci_bus 0000:00: root bus resource [io  0x0d00-0xffff window]
[    1.838748] pci_bus 0000:00: root bus resource [mem 0x000a0000-0x000bffff window]
[    1.847541] pci_bus 0000:00: root bus resource [mem 0x40000000-0xfdffffff window]
[    1.850341] pci_bus 0000:00: root bus resource [bus 00-ff]
[    1.854579] pci 0000:00:01.1: legacy IDE quirk: reg 0x10: [io  0x01f0-0x01f7]
[    1.856988] pci 0000:00:01.1: legacy IDE quirk: reg 0x14: [io  0x03f6]
[    1.859352] pci 0000:00:01.1: legacy IDE quirk: reg 0x18: [io  0x0170-0x0177]
[    1.861797] pci 0000:00:01.1: legacy IDE quirk: reg 0x1c: [io  0x0376]
[    1.917373] pci 0000:00:07.0: quirk: [io  0x4000-0x403f] claimed by PIIX4 ACPI
[    1.920096] pci 0000:00:07.0: quirk: [io  0x4100-0x410f] claimed by PIIX4 SMB
[    1.939568] ACPI: PCI Interrupt Link [LNKA] (IRQs 5 9 10 *11)
[    1.942438] ACPI: PCI Interrupt Link [LNKB] (IRQs 5 9 *10 11)
[    1.945231] ACPI: PCI Interrupt Link [LNKC] (IRQs 5 *9 10 11)
[    1.947594] ACPI: PCI Interrupt Link [LNKD] (IRQs 5 9 10 *11)
[    1.949657] ACPI: Enabled 2 GPEs in block 00 to 07
[    1.951361] vgaarb: setting as boot device: PCI:0000:00:02.0
[    1.952791] vgaarb: device added: PCI:0000:00:02.0,decodes=io+mem,owns=io+mem,locks=none
[    1.955236] vgaarb: loaded
[    1.956449] vgaarb: bridge control possible 0000:00:02.0
[    1.958650] SCSI subsystem initialized
[    1.959955] ACPI: bus type USB registered
[    1.961084] usbcore: registered new interface driver usbfs
[    1.962473] usbcore: registered new interface driver hub
[    1.963798] usbcore: registered new device driver usb
[    1.965332] PCI: Using ACPI for IRQ routing
[    1.966926] NetLabel: Initializing
[    1.967942] NetLabel:  domain hash size = 128
[    1.975440] NetLabel:  protocols = UNLABELED CIPSOv4
[    1.985826] NetLabel:  unlabeled traffic allowed by default
[    1.987805] amd_nb: Cannot enumerate AMD northbridges
[    1.989256] clocksource: Switched to clocksource kvm-clock
[    2.002999] AppArmor: AppArmor Filesystem Enabled
[    2.004550] pnp: PnP ACPI init
[    2.006446] pnp: PnP ACPI: found 3 devices
[    2.018501] clocksource: acpi_pm: mask: 0xffffff max_cycles: 0xffffff, max_idle_ns: 2085701024 ns
[    2.020925] NET: Registered protocol family 2
[    2.022363] TCP established hash table entries: 8192 (order: 4, 65536 bytes)
[    2.024010] TCP bind hash table entries: 8192 (order: 5, 131072 bytes)
[    2.025551] TCP: Hash tables configured (established 8192 bind 8192)
[    2.027096] UDP hash table entries: 512 (order: 2, 16384 bytes)
[    2.028549] UDP-Lite hash table entries: 512 (order: 2, 16384 bytes)
[    2.030114] NET: Registered protocol family 1
[    2.031277] pci 0000:00:00.0: Limiting direct PCI/PCI transfers
[   2.0377pc00:001.0: Activating ISA DMA hang workarounds
[  2398] paing initramfs...

[  275061] Freeing initrd memory: 14840K

[    2.984130] clocksource: tsc: mask: 0xffffffffffffffff max_cycles: 0x271782d3887, max_idle_ns: 440795314643 ns
[  2.994816] platform rtc_cmos: registed atrmTCeve o P vi found)

[    3.602421] Scanning for low memory corruption every 60 seconds
[    3.604864] audit: initializing netlink subsys (disabled)
[    3.606446] audit: type=2000 audit(1576074306.472:1): initialized
[    3.608286] Initialise system trusted keyring
[    3.609750] HugeTLB registered 2 MB page size, pre-allocated 0 pages
[    3.612812] zbud: loaded
[    3.614250] VFS: Disk quotas dquot_6.6.0
[    3.615555] VFS: Dquot-cache hash table entries: 512 (order 0, 4096 bytes)
[    3.617711] squashfs: version 4.0 (2009/01/31) Phillip Lougher
[    3.619559] fuse init (API version 7.23)
[    3.620821] Key type big_key registered
[    3.621934] Allocating IMA MOK and blacklist keyrings.
[    3.632497] Key type asymmetric registered
[    3.633667] Asymmetric key parser 'x509' registered
[    3.635045] Block layer SCSI generic (bsg) driver version 0.4 loaded (major 249)
[    3.637411] io scheduler noop registered
[    3.638589] io scheduler deadline registered (default)
[    3.640006] io scheduler cfq registered
[    3.641324] pci_hotplug: PCI Hot Plug PCI Core version: 0.5
[    3.658229] pciehp: PCI Express Hot Plug Controller Driver version: 0.4
[    3.660048] ACPI: AC Adapter [AC] (on-line)
[    3.661258] input: Power Button as /devices/LNXSYSTM:00/LNXPWRBN:00/input/input0
[    3.663369] ACPI: Power Button [PWRF]
[    3.664505] input: Sleep Button as /devices/LNXSYSTM:00/LNXSLPBN:00/input/input1
[    3.666604] ACPI: Sleep Button [SLPF]
[    3.668662] ACPI: Battery Slot [BAT0] (battery present)
[    3.670250] GHES: HEST is not enabled!
[    3.671410] Serial: 8250/16550 driver, 32 ports, IRQ sharing enabled
[    3.695945] 00:02: ttyS0 at I/O 0x3f8 (irq = 4, base_baud = 115200) is a 16550A
[    3.699204] Linux agpgart interface v0.103
[    3.702418] loop: module loaded
[    3.704081] scsi host0: ata_piix
[    3.705316] scsi host1: ata_piix
[    3.706361] ata1: PATA max UDMA/33 cmd 0x1f0 ctl 0x3f6 bmdma 0xd000 irq 14
[    3.708021] ata2: PATA max UDMA/33 cmd 0x170 ctl 0x376 bmdma 0xd008 irq 15
[    3.709799] libphy: Fixed MDIO Bus: probed
[    3.711048] tun: Universal TUN/TAP device driver, 1.6
[    3.712420] tun: (C) 1999-2004 Max Krasnyansky <maxk@qualcomm.com>
[    3.714093] PPP generic driver version 2.4.2
[    3.715350] ehci_hcd: USB 2.0 'Enhanced' Host Controller (EHCI) Driver
[    3.717020] ehci-pci: EHCI PCI platform driver
[    3.718372] ehci-platform: EHCI generic platform driver
[    3.719772] ohci_hcd: USB 1.1 'Open' Host Controller (OHCI) Driver
[    3.721320] ohci-pci: OHCI PCI platform driver
[    3.722606] ohci-platform: OHCI generic platform driver
[    3.723950] uhci_hcd: USB Universal Host Controller Interface driver
[    3.725574] i8042: PNP: PS/2 Controller [PNP0303:PS2K,PNP0f03:PS2M] at 0x60,0x64 irq 1,12
[    3.728564] serio: i8042 KBD port at 0x60,0x64 irq 1
[    3.746672] serio: i8042 AUX port at 0x60,0x64 irq 12
[    3.748150] mousedev: PS/2 mouse device common for all mice
[    3.750313] input: AT Translated Set 2 keyboard as /devices/platform/i8042/serio0/input/input2
[    3.752905] rtc_cmos rtc_cmos: rtc core: registered rtc_cmos as rtc0
[    3.754630] rtc_cmos rtc_cmos: alarms up to one day, 114 bytes nvram
[    3.769961] i2c /dev entries driver
[    3.786809] device-mapper: uevent: version 1.0.3
[    3.817126] device-mapper: ioctl: 4.34.0-ioctl (2015-10-28) initialised: dm-devel@redhat.com
[    3.819548] ledtrig-cpu: registered to indicate activity on CPUs
[    3.821823] NET: Registered protocol family 10
[    3.823393] NET: Registered protocol family 17
[    3.824616] Key type dns_resolver registered
[    3.826072] registered taskstats version 1
[    3.827224] Loading compiled-in X.509 certificates
[    3.829039] Loaded X.509 cert 'Build time autogenerated kernel key: f0e56e97f406068ace47a9bf54316e9855aaaa43'
[    3.831662] zswap: loaded using pool lzo/zbud
[    3.835167] Key type trusted registered
[    3.840142] Key type encrypted registered
[    3.841280] AppArmor: AppArmor sha1 policy hashing enabled
[    3.842672] ima: No TPM chip found, activating TPM-bypass!
[    3.844132] ima: Allocated hash algorithm: sha1
[    3.845516] evm: HMAC attrs: 0x1
[    3.853537]   Magic number: 15:721:434
[    3.869917] rtc_cmos rtc_cmos: setting system clock to 2019-12-11 14:25:02 UTC (1576074302)
[    3.878069] BIOS EDD facility v0.16 2004-Jun-25, 0 devices found
[    3.879596] EDD information not available.
[    3.883040] Freeing unused kernel memory: 1488K
[    3.884291] Write protecting the kernel read-only data: 14336k
[    3.886330] Freeing unused kernel memory: 1604K
[    3.887777] Freeing unused kernel memory: 60K
Loading, please wait...
starting version 229
[    3.904214] random: systemd-udevd: uninitialized urandom read (16 bytes read, 3 bits of entropy available)
[    3.905005] random: udevadm: uninitialized urandom read (16 bytes read, 3 bits of entropy available)
[    3.905024] random: udevadm: uninitialized urandom read (16 bytes read, 3 bits of entropy available)
[    3.916292] random: udevadm: uninitialized urandom read (16 bytes read, 3 bits of entropy available)
[    3.916335] random: udevadm: uninitialized urandom read (16 bytes read, 3 bits of entropy available)
[    3.916507] random: udevadm: uninitialized urandom read (16 bytes read, 3 bits of entropy available)
[    3.916560] random: udevadm: uninitialized urandom read (16 bytes read, 3 bits of entropy available)
[    3.916610] random: udevadm: uninitialized urandom read (16 bytes read, 3 bits of entropy available)
[    3.916664] random: udevadm: uninitialized urandom read (16 bytes read, 3 bits of entropy available)
[    3.916713] random: udevadm: uninitialized urandom read (16 bytes read, 3 bits of entropy available)
[    4.027294] e1000: Intel(R) PRO/1000 Network Driver - version 7.3.21-k8-NAPI
[    4.035041] e1000: Copyright (c) 1999-2006 Intel Corporation.
[    4.043864] AVX2 version of gcm_enc/dec engaged.
[    4.055951] Fusion MPT base driver 3.04.20
[    4.055952] Copyright (c) 1999-2008 LSI Corporation
[    4.060696] AES CTR mode by8 optimization enabled
[    4.071095] Fusion MPT SPI Host driver 3.04.20
[    4.242208] input: ImExPS/2 Generic Explorer Mouse as /devices/platform/i8042/serio1/input/input4
[    4.463164] e1000 0000:00:03.0 eth0: (PCI:33MHz:32-bit) 02:4f:25:6a:cc:77
[    4.478001] e1000 0000:00:03.0 eth0: Intel(R) PRO/1000 Network Connection
[    4.951077] e1000 0000:00:08.0 eth1: (PCI:33MHz:32-bit) 08:00:27:3c:a3:f1
[    4.953277] e1000 0000:00:08.0 eth1: Intel(R) PRO/1000 Network Connection
[    4.970210] e1000 0000:00:08.0 enp0s8: renamed from eth1
[    4.985430] mptbase: ioc0: Initiating bringup
[    5.005480] e1000 0000:00:03.0 enp0s3: renamed from eth0
[    5.054743] ioc0: LSI53C1030 A0: Capabilities={Initiator}
[    5.232139] scsi host2: ioc0: LSI53C1030 A0, FwRev=00000000h, Ports=1, MaxQ=256, IRQ=20
[    5.347861] scsi 2:0:0:0: Direct-Access     VBOX     HARDDISK         1.0  PQ: 0 ANSI: 5
[    5.369959] scsi target2:0:0: Beginning Domain Validation
[    5.417147] scsi target2:0:0: Domain Validation skipping write tests
[    5.419928] scsi target2:0:0: Ending Domain Validation
[    5.422481] scsi target2:0:0: asynchronous
[    5.426335] scsi 2:0:1:0: Direct-Access     VBOX     HARDDISK         1.0  PQ: 0 ANSI: 5
[    5.429944] scsi target2:0:1: Beginning Domain Validation
[    5.448272] scsi target2:0:1: Domain Validation skipping write tests
[    5.449793] scsi target2:0:1: Ending Domain Validation
[    5.451298] scsi target2:0:1: asynchronous
[    5.460072] sd 2:0:0:0: [sda] 20971520 512-byte logical blocks: (10.7 GB/10.0 GiB)
[    5.460087] sd 2:0:0:0: Attached scsi generic sg0 type 0
[    5.460677] sd 2:0:1:0: Attached scsi generic sg1 type 0
[    5.465288] sd 2:0:1:0: [sdb] 20480 512-byte logical blocks: (10.5 MB/10.0 MiB)
[    5.465326] sd 2:0:0:0: [sda] Write Protect is off
[    5.465452] sd 2:0:0:0: [sda] Incomplete mode parameter data
[    5.465454] sd 2:0:0:0: [sda] Assuming drive cache: write through
[    5.470125]  sda: sda1
[    5.471214] sd 2:0:0:0: [sda] Attached SCSI disk
[    5.495132] sd 2:0:1:0: [sdb] Write Protect is off
[    5.552448] sd 2:0:1:0: [sdb] Incomplete mode parameter data
[    5.559447] sd 2:0:1:0: [sdb] Assuming drive cache: write through
[    5.597300] sd 2:0:1:0: [sdb] Attached SCSI disk
Begin: Loading e[    7.164422] md: linear personality registered for level -1
ssential drivers ... [    7.217996] md: multipath personality registered for level -4
[    7.222517] md: raid0 personality registered for level 0
[    7.228982] md: raid1 personality registered for level 1
[    7.313489] raid6: sse2x1   gen()  8586 MB/s
[    7.421776] raid6: sse2x1   xor()  7680 MB/s
[    7.489624] raid6: sse2x2   gen() 10195 MB/s
[    7.561359] raid6: sse2x2   xor()  8698 MB/s
[    7.649710] raid6: sse2x4   gen() 14312 MB/s
[    7.725372] raid6: sse2x4   xor()  9778 MB/s
[    7.825375] raid6: avx2x1   gen() 20462 MB/s
[    7.961518] raid6: avx2x2   gen() 23073 MB/s
[    8.037317] raid6: avx2x4   gen() 25195 MB/s
[    8.058142] raid6: using algorithm avx2x4 gen() 25195 MB/s
[    8.078867] raid6: using avx2x2 recovery algorithm
[    8.094739] xor: automatically using best checksumming function:
[    8.161559]    avx       : 26264.000 MB/sec
[    8.164069] async_tx: api initialized (async)
[    8.177606] md: raid6 personality registered for level 6
[    8.179183] md: raid5 personality registered for level 5
[    8.180487] md: raid4 personality registered for level 4
[    8.189428] md: raid10 personality registered for level 10
done.
Begin: Running /scripts/init-premount ... done.
Begin: Mounting root file system ... Begin: Running /scripts/local-top ... done.
Begin: Running /scripts/local-premount ... [    8.226301] Btrfs loaded
Scanning for Btrfs filesystems
done.
Warning: fsck no[    8.264405] EXT4-fs (sda1): mounted filesystem with ordered data mode. Opts: (null)
t present, so skipping root file system
done.
Begin: Running /scripts/local-bottom ... done.
Begin: Running /scripts/init-bottom ... done.
[    8.457306] systemd[1]: systemd 229 running in system mode. (+PAM +AUDIT +SELINUX +IMA +APPARMOR +SMACK +SYSVINIT +UTMP +LIBCRYPTSETUP +GCRYPT +GNUTLS +ACL +XZ -LZ4 +SECCOMP +BLKID +ELFUTILS +KMOD -IDN)
[    8.522928] systemd[1]: Detected virtualization oracle.
[    8.524856] systemd[1]: Detected architecture x86-64.

Welcome to [1mUbuntu 16.04.6 LTS[0m!

[    8.541081] systemd[1]: Set hostname to <ubuntu>.
[    8.552614] systemd[1]: Initializing machine ID from random generator.
[    8.554903] systemd[1]: Installed transient /etc/machine-id file.
[    8.737020] systemd[1]: Listening on LVM2 metadata daemon socket.
[[0;32m  OK  [0m] Listening on LVM2 metadata daemon socket.
[    8.740253] systemd[1]: Reached target User and Group Name Lookups.
[[0;32m  OK  [0m] Reached target User and Group Name Lookups.
[    8.772318] systemd[1]: Listening on Journal Socket.
[[0;32m  OK  [0m] Listening on Journal Socket.
[    8.870312] systemd[1]: Listening on Journal Socket (/dev/log).
[[0;32m  OK  [0m] Listening on Journal Socket (/dev/log).
[    8.927713] systemd[1]: Created slice User and Session Slice.
[[0;32m  OK  [0m] Created slice User and Session Slice.
[    8.990180] systemd[1]: Listening on Syslog Socket.
[[0;32m  OK  [0m] Listening on Syslog Socket.
[    9.004209] systemd[1]: Listening on udev Control Socket.
[[0;32m  OK  [0m] Listening on udev Control Socket.
[    9.066482] systemd[1]: Listening on /dev/initctl Compatibility Named Pipe.
[[0;32m  OK  [0m] Listening on /dev/initctl Compatibility Named Pipe.
[    9.145861] systemd[1]: Reached target Encrypted Volumes.
[[0;32m  OK  [0m] Reached target Encrypted Volumes.
[    9.194292] systemd[1]: Listening on LVM2 poll daemon socket.
[[0;32m  OK  [0m] Listening on LVM2 poll daemon socket.
[    9.261992] systemd[1]: Listening on udev Kernel Socket.
[[0;32m  OK  [0m] Listening on udev Kernel Socket.
[    9.351590] systemd[1]: Created slice System Slice.
[[0;32m  OK  [0m] Created slice System Slice.
[    9.406872] systemd[1]: Starting Load Kernel Modules...
         Starting Load Kernel Modules...
[    9.432735] systemd[1]: Starting Uncomplicated firewall...
[    9.452419] Loading iSCSI transport class v2.0-870.
         Starting Uncomplicated firewall...
[    9.478512] iscsi: registered transport (tcp)
[    9.521388] systemd[1]: Mounting Debug File System...
         Mounting Debug File System...
[    9.526913] systemd[1]: Starting Set console keymap...
         Starting Set console keymap...
[    9.541283] systemd[1]: Mounting Huge Pages File System...
[    9.550495] random: nonblocking pool is initialized
         Mounting Huge Pages File System...
[    9.557416] systemd[1]: Created slice system-serial\x2dgetty.slice.
[[0;32m  OK  [0m] Created slice system-serial\x2dgetty.slice.
[    9.582089] systemd[1]: Listening on Device-mapper event daemon FIFOs.
[    9.582102] iscsi: registered transport (iser)
[[0;32m  OK  [0m] Listening on Device-mapper event daemon FIFOs.
[    9.627095] systemd[1]: Listening on Journal Audit Socket.
[[0;32m  OK  [0m] Listening on Journal Audit Socket.
[    9.649491] systemd[1]: Mounting POSIX Message Queue File System...
         Mounting POSIX Message Queue File System...
[    9.671489] systemd[1]: Reached target Swap.
[[0;32m  OK  [0m] Reached target Swap.
[    9.682050] systemd[1]: Reached target System Time Synchronized.
[[0;32m  OK  [0m] Reached target System Time Synchronized.
[    9.729783] systemd[1]: Starting Journal Service...
         Starting Journal Service...
[    9.733932] systemd[1]: Set up automount Arbitrary Executable File Formats File System Automount Point.
[[0;32m  OK  [0m] Set up automount Arbitrary Executab...ats File System Automount Point.
[    9.742087] systemd[1]: Reached target Slices.
[[0;32m  OK  [0m] Reached target Slices.
[    9.752882] systemd[1]: Started Trigger resolvcf da f ntworkd DN

[[0;32m  OK  [0m] Started Trigger resolvconf update for networkd DNS.
[   10.065639] systemd[1]: Starting Monitoring of LVM2 mirrors, snapshots etc. using dmeventd or progress polling...
         Starting Monitoring of LVM2 mirrors... dmeventd or progress polling...
[   10.094251] systemd[1]: Starting Nameserver information manager...
         Starting Nameserver information manager...
[   10.154394] systemd[1]: Starting Create list of required static device nodes for the current kernel...
         Starting Create list of required st... nodes for the current kernel...
[   10.273700] systemd[1]: Starting Remount Root and Kernel File Systems...
         Starting Remount Root and Kernel File Systems...
[   10.302504] EXT4-fs (sda1): re-mounted. Opts: (null)
[   10.312726] systemd[1]: Started Forward Password Requests to Wall Directory Watch.
[[0;32m  OK  [0m] Started Forward Password Requests to Wall Directory Watch.
[ 10698] systemd[1]: Mounted DebugilSystem.
[[0;32m  OK  [0m] Mounted Debug File System.
[   10.777555] systemd[1]: Mounted Huge Pages File System.
[[0;32m  OK  [0m] Mounted Huge Pages File System.
[ 10876]systemd[1]: Mounted POSIX Message Queue File System.
[[0;32m  OK  [0m] Mounted POSIX Message Queue File System.
[  11.042427] systemd[1]: Started Journalerce
[[0;32m  OK  [0m] Started Journal Service.
[[0;32m  OK  [0m] Started Load Kernel Modules.
[[0;32m  OK  [0m] Started Uncomplicated firewall.
[[0;32m  OK  [0m] Started Set console keymap.
[[0;32m  OK  [0m] Started Create list of required sta...ce nodes for the current kernel.
[[0;32m  OK  [0m] Started Remount Root and Kernel File Systems.
[[0;32m  OK  [0m] Started Nameserver information manager.
[[0;32m  OK  [0m] Started LVM2 metadata daemon.
         Starting Load/Save Random Seed...
         Starting udev Coldplug all Devices...
         Starting Create Static Device Nodes in /dev...
         Mounting FUSE Control File System...
         Starting Apply Kernel Variables...
         Starting Flush Journal to Persistent Storage...
[[0;32m  OK  [0m] Mounted FUSE Control File System.
[[0;32m  OK  [0m] Started Load/Save Random Seed.
[[0;32m  OK  [0m] Started Create Static Device Nodes in /dev.
[[0;32m  OK  [0m] Started Apply Kernel Variables.
[[0;32m  OK  [0m] Started udev Coldplug all Devices.
[[0;32m  OK  [0m] Started Flush Journal to Persistent Storage.
         Starting udev Kernel Device Manager...
[[0;32m  OK  [0m] Started udev Kernel Device Manager.
[[0;32m  OK  [0m] Started Dispatch Password Requests to Console Directory Watch.
[[0;32m  OK  [0m] Started Monitoring of LVM2 mirrors,...ng dmeventd or progress polling.
[[0;32m  OK  [0m] Reached target Local File Systems (Pre).
[[0;32m  OK  [0m] Reached target Local File Systems.
         Starting Initial cloud-init job (pre-networking)...
         Starting LSB: AppArmor initialization...
         Starting Tell Plymouth To Write Out Runtime Data...
         Starting Commit a transient machine-id on disk...
         Starting Create Volatile Files and Directories...
         Starting Set console font and keymap...
[[0;32m  OK  [0m] Started Tell Plymouth To Write Out Runtime Data.
[[0;32m  OK  [0m] Started Commit a transient machine-id on disk.
[[0;32m  OK  [0m] Started Create Volatile Files and Directories.
         Starting Update UTMP about System Boot/Shutdown...
[[0;32m  OK  [0m] Started Update UTMP about System Boot/Shutdown.
[[0;32m  OK  [0m] Found device /dev/ttyS0.
[[0;32m  OK  [0m] Listening on Load/Save RF Kill Switch Status /dev/rfkill Watch.
[   12.893161] cloud-init[479]: Cloud-init v. 19.2-36-g059d049c-0ubuntu2~16.04.1 running 'init-local' at Wed, 11 Dec 2019 14:25:12 +0000. Up 12.29 seconds.
[[0;32m  OK  [0m] Started Initial cloud-init job (pre-networking).
[[0;32m  OK  [0m] Reached target Network (Pre).
[[0;32m  OK  [0m] Started Set console font and keymap.
[[0;32m  OK  [0m] Created slice system-getty.slice.
[[0;32m  OK  [0m] Started LSB: AppArmor initialization.
         Starting Raise network interfaces...
[[0;32m  OK  [0m] Started Raise network interfaces.
[[0;32m  OK  [0m] Reached target Network.
         Starting Initial cloud-init job (metadata service crawler)...
[   15.200514] cloud-init[953]: Cloud-init v. 19.2-36-g059d049c-0ubuntu2~16.04.1 running 'init' at Wed, 11 Dec 2019 14:25:14 +0000. Up 14.48 seconds.
[   15.253922] cloud-init[953]: ci-info: ++++++++++++++++++++++++++++++++++++++Net device info+++++++++++++++++++++++++++++++++++++++
[[0;32m  OK  [0m] Started Initial cloud-init job (metadata service crawler).
[[0;32m  OK  [0m] Reached target Network is Online.
[   15.274552] cloud-init[953]: ci-info: +--------+-------+----------------------------+---------------+--------+-------------------+
[   15.282509] cloud-init[953]: ci-info: | Device |   Up  |          Address           |      Mask     | Scope  |     Hw-Address    |
[   15.285137] cloud-init[953]: ci-info: +--------+-------+----------------------------+---------------+--------+-------------------+
[   15.287817] cloud-init[953]: ci-info: | enp0s3 |  True |         10.0.2.15          | 255.255.255.0 | global | 02:4f:25:6a:cc:77 |
[   15.290439] cloud-init[953]: ci-info: | enp0s3 |  True | fe80::4f:25ff:fe6a:cc77/64 |       .       |  link  | 02:4f:25:6a:cc:77 |
[   15.293035] cloud-init[953]: ci-info: | enp0s8 | False |             .              |       .       |   .    | 08:00:27:3c:a3:f1 |
[   15.295721]          Starting iSCSI initiator daemon (iscsid)...
[[0;32m  OK  [0m] Reached target System Initialization.
[[0;32m  OK  [0m] Started Daily Cleanup of Temporary Directories.
cloud-init[953]: ci-info: |   lo   |  True |         127.0.0.1          |   255.0.0.0   |  host  |         .         |
[   15.432944]          Starting LXD - unix socket.
[[0;32m  OK  [0m] Started Message of the Day.
         Starting Socket activation for snappy daemon.
cloud-init[953]: ci-info: |   lo   |  True |          ::1/128           |       .       |  host  |         .         |
[[0;32m  OK  [0m] Listening on UUID daemon activation socket.
[   15.440065] cloud-init[953]: ci-info: +--------+-------+----------------------------+---------------+--------+-------------------+
[   15.515003] [[0;32m  OK  [0m] Started ACPI Events Check.
[[0;32m  OK  [0m] Reached target Paths.
[[0;32m  OK  [0m] Listening on D-Bus System Message Bus Socket.
[[0;32m  OK  [0m] Listening on ACPID Listen Socket.
cloud-init[953]: ci-info: +++++++++++++++++++++++++++Route IPv4 info++++++++++++++++++++++++++++
[   15.594449] cloud-init[953]: ci-info: +-------+-------------+----------+---------------+-----------+-------+
[[0;32m  OK  [0m] Started Daily apt download activities.
[   15.598228] [[0;32m  OK  [0m] Started Daily apt upgrade and clean activities.
[[0;32m  OK  [0m] Reached target Timers.
[[0;32m  OK  [0m] Reached target Cloud-config availability.
cloud-init[953]: ci-info: | Route | Destination | Gateway  |    Genmask    | Interface | Flags |
[   15.656590] cloud-init[953]: ci-info: +-------+-------------+----------+---------------+-----------+-------+
[   15.679437] cloud-init[953]: ci-info: |   0   |   0.0.0.0   | 10.0.2.2 |    0.0.0.0    |   enp0s3  |   UG  |
[   15.718484] cloud-init[953]: ci-info: |   1   |   10.0.2.0  | 0.0.0.0  | 255.255.255.0 |   enp0s3  |   U   |
[   15.719385] cloud-init[953]: ci-info: +-------+-------------+----------+---------------+-----------+-------+
[[0;32m  OK  [0m] Listening on LXD - unix socket.
[[0;32m  OK  [0m] Listening on Socket activation for snappy daemon.
[[0;32m  OK  [0m] Started iSCSI initiator daemon (iscsid).
[   15.719727] cloud-init[953]: ci-info: +++++++++++++++++++Route IPv6 info+++++++++++++++++++
[   16.322619] cloud-init[953]: ci-info: +-------+-------------+---------+-----------+-------+
[   16.330612] cloud-init[953]: ci-info: | Route | Destination | Gateway | Interface | Flags |
         Starting Login to default iSCSI targets...
[   16.333441] [cloud-init[0;32m  OK  [0m[953]: ] ci-info: +-------+-------------+---------+-----------+-------+Reached target Sockets.

[   16.367431] [[0;32m  OK  [0m] Reached target Basic System.
cloud-init[953]: ci-info: |   0   |  fe80::/64  |    ::   |   enp0s3  |   U   |
         Starting Login Service...
[   16.447301] cloud-init[[953]: [0;32m  OK  [0mci-info: |   3   |   ff00::/8  |    ::   |   enp0s3  |   U   |] 
Started D-Bus System Message Bus.
[   16.455554] cloud-init[953]: ci-info: +-------+-------------+---------+-----------+-------+
[   16.509223] cloud-init[953]: Generating public/private rsa key pair.
[   16.541082] [[0;32m  OK  [0m] Started ACPI event daemon.
cloud-init[953]: Your identification has been saved in /etc/ssh/ssh_host_rsa_key.
[   16.576305] [cloud-init[0;32m  OK  [0m[953]: ] Your public key has been saved in /etc/ssh/ssh_host_rsa_key.pub.Started Deferred execution scheduler.

[   16.578017] cloud-init[953]: The key fingerprint is:
[   16.657080] cloud-init         Starting /etc/rc.local Compatibility...
[953]:          Starting System Logging Service...
         Starting Virtualbox guest utils...
SHA256:XZzRkJheDiEZStLaMiPcFzkBjFrKNrEhGcjdtv2hszQ root@ubuntu-xenial
[   16.686995] [cloud-init[0;32m  OK  [0m[953]: ] The key's randomart image is:Started Regular background program processing daemon.

[   16.688676] cloud-init[953]: +---[RSA 2048]----+
         Starting Accounts Service...
         Starting LSB: Record successful boot for GRUB...
         Starting LSB: MD monitoring daemon...
[[0;32m  OK  [0m] Started FUSE filesystem for LXC.
[   16.756536] cloud-init[953]: |+o.o+ooooo.+o+   |
[   16.783075] cloud-init[953]: |++o..==...+.oo.  |
         Starting Pollinate to seed the pseudo random number generator...
[   16.784232] cloud-init[953]: |o=+..o+o . ++    |
[   16.795423] cloud-init[953]: |o=o *.o. o...    |
         Starting Snappy daemon...
[   16.809212] cloud-init[953]: |. .. =  S o      |
         Starting LXD - container startup/shutdown...
[   16.817733] cloud-init[953]: [[0;32m  OK  [0m] Started System Logging Service.
[[0;32m  OK  [0m] Started /etc/rc.local Compatibility.
|       E .       |
[   16.824031] cloud-init[953]: |      . +        |
[   16.826162] cloud-init[953]: |       .         |
[   16.851350] cloud-init[953]: |                 |
[   16.856159] cloud-init[953]: +----[SHA256]-----+
[   16.858195] cloud-init[953]: Generating public/private dsa key pair.
[[0;32m  OK  [0m[   16.875705] ] cloud-initStarted Login to default iSCSI targets.[953]: 
Your identification has been saved in /etc/ssh/ssh_host_dsa_key.
[   16.876847] cloud-init[953]: Your public key has been saved in /etc/ssh/ssh_host_dsa_key.pub.
[   17.027210] cloud-init[953]: The key fingerprint is:
[   17.035264] cloud-init[953]: SHA256:BIbc3uEn5hQWWfdgVdxj6Jg+83jvBv2ooKfCVYAF5pY root@ubuntu-xenial
[   17.038238] cloud-init[953]: The key's randomart image is:
[   17.040825] cloud-init[953]: +---[DSA 1024]----+
[[0;32m  OK  [0m] Started LXD - container startup/shutdown.
[[   17.072659] cloud-init[953]: |   . o=+o+. +.ooo|
[   17.076531] cloud-init[953]: |    o+oo*  o + oo|
[   17.076875] cloud-init[953]: |     .E+.+  + o .|
[   17.077181] cloud-init[953]: |     ...* oo .   |
[   17.077518] cloud-init[953]: |       +S+.   .  |
[   17.077923] cloud-init[953]: |        o  + . . |
[   17.078332] cloud-init[953]: |     . .  . = ...|
[   17.078611] cloud-init[953]: |      o  ..o o...|
[0;32m  OK  [0m] Started LSB: MD monitoring daemon.
[[0;32m  OK  [0m] Started Virtualbox guest utils.
[   17.078840] cloud-init[953]: |       .oo  o.+o |
[   17.150898] cloud-init[953]: +----[SHA256]-----+
[   17.152900] cloud-init[953]: Generating public/private ecdsa key pair.
[   17.175116] cloud-init[953]: Your identification has been saved in /etc/ssh/ssh_host_ecdsa_key.
[   17.175544] cloud-init[953]: Your public key has been saved in /etc/ssh/ssh_host_ecdsa_key.pub.
[   17.175856] cloud-init[953]: The key fingerprint is:
[   17.176517] cloud-init[953]: SHA256:3cuKRyILxF1zQU72Z0ILgbDSRJxlrdFZoKHSyBai+L4 root@ubuntu-xenial
[   17.176812] cloud-init[953]: The key's randomart image is:
[   17.177143] cloud-init[953]: +---[ECDSA 256]---+
[   17.177468] cloud-init[953]: |  . .o+++=O*o    |
[   17.177763] cloud-init[953]: |.. o *o+=*=+ .   |
[   17.178082] cloud-init[953]: |o  .*.=..=. + o  |
[   17.178422] cloud-init[953]: | . .oo. .. . +   |
[   17.178733] cloud-init[953]: |  ..    S . .    |
[   17.178996] cloud-init[953]: | .  . . . .. .   |
[   17.179542] cloud-init[953]: |  .  . o o  o    |
[   17.179770] cloud-init[953]:          |   .  .  ...     |Starting Authenticate and Authorize Users to Run Privileged Tasks...

[[   17.179851] cloud-init[953]: |  E     ...      |
[   17.214739] cloud-init[953]: +----[SHA256]-----+
[   17.214886] cloud-init[953]: Generating public/private ed25519 key pair.
[   17.215321] cloud-init[953]: Your identification has been saved in /etc/ssh/ssh_host_ed25519_key.
[   17.215704] cloud-init[953]: Your public key has been saved in /etc/ssh/ssh_host_ed25519_key.pub.
[   17.215918] cloud-init[953]: The key fingerprint is:
[   17.216390] cloud-init[953]: SHA256:vHxHkfJHUeuygbaNlilMZgztU+44eJOe+Z962kWQS8w root@ubuntu-xenial
[   17.216599] cloud-init[953]: The key's randomart image is:
[   17.216994] cloud-init[953]: +--[ED25519 256]--+
[   17.217423] cloud-init[953]: |              ...|
[   17.217831] cloud-init[953]: |        .   o....|
[   17.218896] cloud-init[953]: |       . ...oE.. |
[   17.219008] cloud-init[953]: |       .+ oooo+  |
[   17.219537] cloud-init[953]: |        SB +o+.o |
[   17.219930] cloud-init[953]: |       .*.*.*.=  |
[0;32m  OK  [0m] Reached target Remote File Systems (Pre).
[   17.220333] cloud-init[953]: |       .oO.B.o . |
[   17.287831] cloud-init[953]: |        o.B...o  |
[   17.288383] cloud-init[953]: |         +.+=+   |
[   17.288925] cloud-init[953]: +----[SHA256]-----+
[[0;32m  OK  [0m] Reached target Remote File Systems.
         Starting LSB: automatic crash report generation...
         Starting Permit User Sessions...
         Starting LSB: daemon to balance interrupts for SMP systems...
         Starting LSB: Set the CPU Frequency Scaling governor to "ondemand"...
[[0;32m  OK  [0m] Started Snappy daemon.
[[0;32m  OK  [0m] Started LSB: Record successful boot for GRUB.
[[0;32m  OK  [0m] Started Pollinate to seed the pseudo random number generator.
[[0;32m  OK  [0m] Started Permit User Sessions.
[[0;32m  OK  [0m] Started Login Service.
[[0;32m  OK  [0m] Started Authenticate and Authorize Users to Run Privileged Tasks.
[[0;32m  OK  [0m] Started Accounts Service.
[[0;32m  OK  [0m] Started Unattended Upgrades Shutdown.
         Starting Hold until boot process finishes up...
         Starting Terminate Plymouth Boot Screen...
         Starting OpenBSD Secure Shell server...
         Starting Wait until snapd is fully seeded...
[[0;32m  OK  [0m] Started LSB: automatic crash report generation.
[[0;32m  OK  [0m] Started LSB: daemon to balance interrupts for SMP systems.
[[0;32m  OK  [0m] Started LSB: Set the CPU Frequency Scaling governor to "ondemand".
[[0;32m  OK  [0m] Started Hold until boot process finishes up.
[[0;32m  OK  [0m] Started Terminate Plymouth Boot Screen.
[[0;32m  OK  [0m] Started OpenBSD Secure Shell server.
[[0;32m  OK  [0m] Started Getty on tty1.
[[0;32m  OK  [0m] Started Serial Getty on ttyS0.
[[0;32m  OK  [0m] Reached target Login Prompts.
         Starting Set console scheme...
[[0;32m  OK  [0m] Started Set console scheme.
[[0;32m  OK  [0m] Created slice User Slice of vagrant.
         Starting User Manager for UID 1000...
[[0;32m  OK  [0m] Started User Manager for UID 1000.
[[0;32m  OK  [0m] Started Session 1 of user vagrant.
[[0;32m  OK  [0m] Started Wait until snapd is fully seeded.
         Starting Apply the settings specified in cloud-config...
[[0;32m  OK  [0m] Reached target Multi-User System.
[[0;32m  OK  [0m] Reached target Graphical Interface.
         Starting Update UTMP about System Runlevel Changes...
[[0;32m  OK  [0m] Started Update UTMP about System Runlevel Changes.
[   18.956949] cloud-init[1338]: Generating locales (this might take a while)...
[   20.370659] cloud-init[1338]:   en_US.UTF-8... done
[   20.372408] cloud-init[1338]: Generation complete.
[   20.803073] cloud-init[1338]: Cloud-init v. 19.2-36-g059d049c-0ubuntu2~16.04.1 running 'modules:config' at Wed, 11 Dec 2019 14:25:18 +0000. Up 18.73 seconds.
[[0;32m  OK  [0m] Started Apply the settings specified in cloud-config.
         Starting Execute cloud user/final scripts...
ci-info: no authorized ssh keys fingerprints found for user ubuntu.
<14>Dec 11 14:25:21 ec2: 
<14>Dec 11 14:25:21 ec2: #############################################################
<14>Dec 11 14:25:21 ec2: -----BEGIN SSH HOST KEY FINGERPRINTS-----
<14>Dec 11 14:25:21 ec2: 1024 SHA256:BIbc3uEn5hQWWfdgVdxj6Jg+83jvBv2ooKfCVYAF5pY root@ubuntu-xenial (DSA)
<14>Dec 11 14:25:21 ec2: 256 SHA256:3cuKRyILxF1zQU72Z0ILgbDSRJxlrdFZoKHSyBai+L4 root@ubuntu-xenial (ECDSA)
<14>Dec 11 14:25:21 ec2: 256 SHA256:vHxHkfJHUeuygbaNlilMZgztU+44eJOe+Z962kWQS8w root@ubuntu-xenial (ED25519)
<14>Dec 11 14:25:21 ec2: 2048 SHA256:XZzRkJheDiEZStLaMiPcFzkBjFrKNrEhGcjdtv2hszQ root@ubuntu-xenial (RSA)
<14>Dec 11 14:25:21 ec2: -----END SSH HOST KEY FINGERPRINTS-----
<14>Dec 11 14:25:21 ec2: #############################################################
-----BEGIN SSH HOST KEY KEYS-----
ecdsa-sha2-nistp256 AAAAE2VjZHNhLXNoYTItbmlzdHAyNTYAAAAIbmlzdHAyNTYAAABBBBoKgkHeDF4R6n+gKp5L35WZBNlc8qsDW3ieclqnHJps+rHO7UKRiURzVd44VaeeOHJ2A9AUg8APFvZSBmjqS+w= root@ubuntu-xenial
ssh-ed25519 AAAAC3NzaC1lZDI1NTE5AAAAIJUU4p8Wr0JAlBcOVFc56SdQyqEJtScTf9kDFJP+1wwX root@ubuntu-xenial
ssh-rsa AAAAB3NzaC1yc2EAAAADAQABAAABAQDcsIeKVuil4u4QA7o5ajCbWogYSm+ux6oQwyIAybBCVT0CMA39whBvpsf84DII7qBm4WZNsuiwroUIp9v8FhGnKhLbip8AgWh4EUS0oQwHq8RLawf6TlztH4Dk/TztSvGdrMcZ65nCmWppGQ9Yw0YkIrEmxTy1mE9NYbkbTjnP+2nrwljG6X6k9WmO38LgetXg0YzbUok4VxEpKUk3I7uVWDRj8x9PM8nynrvSiWbd2Fi5e1uwK1oEAV71FZxd+k7pOb3MvRNXp9lNkncXo+QdamQa0oA3WCsy1BzuMlrQV1HTNBlTZqXkLs61pcDWfoWBmqFlHiuK6LLJk6oBXdat root@ubuntu-xenial
-----END SSH HOST KEY KEYS-----
[   22.376576] cloud-init[1527]: Cloud-init v. 19.2-36-g059d049c-0ubuntu2~16.04.1 running 'modules:final' at Wed, 11 Dec 2019 14:25:21 +0000. Up 21.47 seconds.
[   22.437586] cloud-init[1527]: ci-info: no authorized ssh keys fingerprints found for user ubuntu.
[   22.446756] [[0;32m  OK  [0m] Started Execute cloud user/final scripts.
cloud-init[1527]: Cloud-init v. 19.2-36-g059d049c-0ubuntu2~16.04.1 finished at Wed, 11 Dec 2019 14:25:22 +0000. Datasource DataSourceNoCloud [seed=/dev/sdb][dsmode=net].  Up 22.34 seconds
[[0;32m  OK  [0m] Reached target Cloud-init target.

Ubuntu 16.04.6 LTS ubuntu-xenial ttyS0

ubuntu-xenial login: 